// Jest Snapshot v1, https://goo.gl/fbAQLP

exports[`renders not visible snackbar with content 1`] = `
<View
  pointerEvents="box-none"
  style={
    Array [
      Object {
        "flex": 1,
      },
      undefined,
    ]
  }
>
  <View
    pointerEvents="box-none"
    style={
      Object {
        "bottom": 0,
        "left": 0,
        "position": "absolute",
        "right": 0,
        "top": 0,
      }
    }
  >
    <View
      collapsable={undefined}
      onLayout={[Function]}
      style={
        Object {
          "backgroundColor": "#323232",
          "bottom": 0,
          "opacity": 0,
          "position": "absolute",
          "transform": Array [
            Object {
              "translateY": 0,
            },
          ],
          "width": "100%",
        }
      }
    >
      <View
        accessibilityComponentType={undefined}
        accessibilityLabel={undefined}
        accessibilityTraits={undefined}
        accessible={true}
        collapsable={undefined}
        hitSlop={undefined}
        nativeID={undefined}
        onLayout={undefined}
        onResponderGrant={[Function]}
        onResponderMove={[Function]}
        onResponderRelease={[Function]}
        onResponderTerminate={[Function]}
        onResponderTerminationRequest={[Function]}
        onStartShouldSetResponder={[Function]}
        style={
          Object {
            "alignItems": "center",
            "flexDirection": "row",
            "justifyContent": "space-between",
            "opacity": 0,
          }
        }
        testID={undefined}
      >
        <Text
          accessible={true}
          allowFontScaling={true}
          ellipsizeMode="tail"
          style={
            Array [
              Object {
                "color": "#ffffff",
                "flex": 1,
                "flexWrap": "wrap",
                "marginLeft": 24,
                "marginVertical": 14,
              },
              Object {
                "fontFamily": "Helvetica Neue",
                "marginRight": 24,
              },
            ]
          }
        >
          Snackbar content
        </Text>
      </View>
    </View>
  </View>
</View>
`;

exports[`renders snackbar with Text as a child 1`] = `
<View
  pointerEvents="box-none"
  style={
    Array [
      Object {
        "flex": 1,
      },
      undefined,
    ]
  }
>
  <View
    pointerEvents="box-none"
    style={
      Object {
        "bottom": 0,
        "left": 0,
        "position": "absolute",
        "right": 0,
        "top": 0,
      }
    }
  >
    <View
      collapsable={undefined}
      onLayout={[Function]}
      style={
        Object {
          "backgroundColor": "#323232",
          "bottom": 0,
          "opacity": 0,
          "position": "absolute",
          "transform": Array [
            Object {
              "translateY": 0,
            },
          ],
          "width": "100%",
        }
      }
    >
      <View
        accessibilityComponentType={undefined}
        accessibilityLabel={undefined}
        accessibilityTraits={undefined}
        accessible={true}
        collapsable={undefined}
        hitSlop={undefined}
        nativeID={undefined}
        onLayout={undefined}
        onResponderGrant={[Function]}
        onResponderMove={[Function]}
        onResponderRelease={[Function]}
        onResponderTerminate={[Function]}
        onResponderTerminationRequest={[Function]}
        onStartShouldSetResponder={[Function]}
        style={
          Object {
            "alignItems": "center",
            "flexDirection": "row",
            "justifyContent": "space-between",
            "opacity": 0,
          }
        }
        testID={undefined}
      >
        <Text
          accessible={true}
          allowFontScaling={true}
          ellipsizeMode="tail"
          style={
            Array [
              Object {
                "color": "#ffffff",
                "flex": 1,
                "flexWrap": "wrap",
                "marginLeft": 24,
                "marginVertical": 14,
              },
              Object {
                "fontFamily": "Helvetica Neue",
                "marginRight": 24,
              },
            ]
          }
        >
          <Text
            accessible={true}
            allowFontScaling={true}
            ellipsizeMode="tail"
          >
            Snackbar content
          </Text>
        </Text>
      </View>
    </View>
  </View>
</View>
`;

exports[`renders snackbar with action button 1`] = `
<View
  pointerEvents="box-none"
  style={
    Array [
      Object {
        "flex": 1,
      },
      undefined,
    ]
  }
>
  <View
    pointerEvents="box-none"
    style={
      Object {
        "bottom": 0,
        "left": 0,
        "position": "absolute",
        "right": 0,
        "top": 0,
      }
    }
  >
    <View
      collapsable={undefined}
      onLayout={[Function]}
      style={
        Object {
          "backgroundColor": "#323232",
          "bottom": 0,
          "opacity": 0,
          "position": "absolute",
          "transform": Array [
            Object {
              "translateY": 0,
            },
          ],
          "width": "100%",
        }
      }
    >
      <View
        accessibilityComponentType={undefined}
        accessibilityLabel={undefined}
        accessibilityTraits={undefined}
        accessible={true}
        collapsable={undefined}
        hitSlop={undefined}
        nativeID={undefined}
        onLayout={undefined}
        onResponderGrant={[Function]}
        onResponderMove={[Function]}
        onResponderRelease={[Function]}
        onResponderTerminate={[Function]}
        onResponderTerminationRequest={[Function]}
        onStartShouldSetResponder={[Function]}
        style={
          Object {
            "alignItems": "center",
            "flexDirection": "row",
            "justifyContent": "space-between",
            "opacity": 0,
          }
        }
        testID={undefined}
      >
        <Text
          accessible={true}
          allowFontScaling={true}
          ellipsizeMode="tail"
          style={
            Array [
              Object {
                "color": "#ffffff",
                "flex": 1,
                "flexWrap": "wrap",
                "marginLeft": 24,
                "marginVertical": 14,
              },
              Object {
                "fontFamily": "Helvetica Neue",
                "marginRight": 0,
              },
            ]
          }
        >
          Snackbar content
        </Text>
        <View
          style={
            Object {
              "marginHorizontal": 24,
            }
          }
        >
          <View
            accessibilityComponentType={undefined}
            accessibilityLabel={undefined}
            accessibilityTraits={undefined}
            accessible={true}
            hitSlop={undefined}
            nativeID={undefined}
            onLayout={undefined}
            onResponderGrant={[Function]}
            onResponderMove={[Function]}
            onResponderRelease={[Function]}
            onResponderTerminate={[Function]}
            onResponderTerminationRequest={[Function]}
            onStartShouldSetResponder={[Function]}
            style={undefined}
            testID={undefined}
          >
            <Text
              accessible={true}
              allowFontScaling={true}
              ellipsizeMode="tail"
              style={
                Object {
                  "color": "#ff4081",
                }
              }
            >
              UNDO
            </Text>
          </View>
        </View>
      </View>
    </View>
  </View>
</View>
`;

exports[`renders snackbar with content 1`] = `
<View
  pointerEvents="box-none"
  style={
    Array [
      Object {
        "flex": 1,
      },
      undefined,
    ]
  }
>
  <View
    pointerEvents="box-none"
    style={
      Object {
        "bottom": 0,
        "left": 0,
        "position": "absolute",
        "right": 0,
        "top": 0,
      }
    }
  >
    <View
      collapsable={undefined}
      onLayout={[Function]}
      style={
        Object {
          "backgroundColor": "#323232",
          "bottom": 0,
          "opacity": 0,
          "position": "absolute",
          "transform": Array [
            Object {
              "translateY": 0,
            },
          ],
          "width": "100%",
        }
      }
    >
      <View
        accessibilityComponentType={undefined}
        accessibilityLabel={undefined}
        accessibilityTraits={undefined}
        accessible={true}
        collapsable={undefined}
        hitSlop={undefined}
        nativeID={undefined}
        onLayout={undefined}
        onResponderGrant={[Function]}
        onResponderMove={[Function]}
        onResponderRelease={[Function]}
        onResponderTerminate={[Function]}
        onResponderTerminationRequest={[Function]}
        onStartShouldSetResponder={[Function]}
        style={
          Object {
            "alignItems": "center",
            "flexDirection": "row",
            "justifyContent": "space-between",
            "opacity": 0,
          }
        }
        testID={undefined}
      >
        <Text
          accessible={true}
          allowFontScaling={true}
          ellipsizeMode="tail"
          style={
            Array [
              Object {
                "color": "#ffffff",
                "flex": 1,
                "flexWrap": "wrap",
                "marginLeft": 24,
                "marginVertical": 14,
              },
              Object {
                "fontFamily": "Helvetica Neue",
                "marginRight": 24,
              },
            ]
          }
        >
          Snackbar content
        </Text>
      </View>
    </View>
  </View>
</View>
`;
